// Jest Snapshot v1, https://goo.gl/fbAQLP

exports[`RewardsPerCustomer should display table of customers and rewards 1`] = `
<div>
  <div>
    <div
      class="MuiPaper-root MuiPaper-elevation MuiPaper-rounded MuiPaper-elevation1 MuiTableContainer-root css-11xur9t-MuiPaper-root-MuiTableContainer-root"
    >
      <table
        class="MuiTable-root css-rqglhn-MuiTable-root"
      >
        <thead
          class="MuiTableHead-root css-15wwp11-MuiTableHead-root"
        >
          <tr
            class="MuiTableRow-root MuiTableRow-head css-1q1u3t4-MuiTableRow-root"
          >
            <th
              class="MuiTableCell-root MuiTableCell-head MuiTableCell-sizeMedium css-1ygcj2i-MuiTableCell-root"
              scope="col"
            >
              Customer
            </th>
            <th
              class="MuiTableCell-root MuiTableCell-head MuiTableCell-sizeMedium css-1ygcj2i-MuiTableCell-root"
              scope="col"
            >
              Reward
            </th>
          </tr>
        </thead>
        <tbody
          class="MuiTableBody-root css-apqrd9-MuiTableBody-root"
        >
          <tr
            class="MuiTableRow-root css-1q1u3t4-MuiTableRow-root"
          >
            <td
              class="MuiTableCell-root MuiTableCell-body MuiTableCell-sizeMedium css-1ex1afd-MuiTableCell-root"
            >
              <a
                class="text-blue-500 hover:underline"
                href="/testCustomer1"
              >
                testCustomer1
              </a>
            </td>
            <td
              class="MuiTableCell-root MuiTableCell-body MuiTableCell-sizeMedium css-1ex1afd-MuiTableCell-root"
            >
              400
            </td>
          </tr>
          <tr
            class="MuiTableRow-root css-1q1u3t4-MuiTableRow-root"
          >
            <td
              class="MuiTableCell-root MuiTableCell-body MuiTableCell-sizeMedium css-1ex1afd-MuiTableCell-root"
            >
              <a
                class="text-blue-500 hover:underline"
                href="/testCustomer2"
              >
                testCustomer2
              </a>
            </td>
            <td
              class="MuiTableCell-root MuiTableCell-body MuiTableCell-sizeMedium css-1ex1afd-MuiTableCell-root"
            >
              230
            </td>
          </tr>
          <tr
            class="MuiTableRow-root css-1q1u3t4-MuiTableRow-root"
          >
            <td
              class="MuiTableCell-root MuiTableCell-body MuiTableCell-sizeMedium css-1ex1afd-MuiTableCell-root"
            >
              <a
                class="text-blue-500 hover:underline"
                href="/testCustomer3"
              >
                testCustomer3
              </a>
            </td>
            <td
              class="MuiTableCell-root MuiTableCell-body MuiTableCell-sizeMedium css-1ex1afd-MuiTableCell-root"
            >
              950
            </td>
          </tr>
        </tbody>
      </table>
    </div>
  </div>
</div>
`;
